2026-02-01 11:40:12,181 - INFO - Starting database build...
2026-02-01 11:40:12,181 - INFO - CSV: D:\Final_Year_Project\ShopWhatYouSee\backend\..\data\product_database.csv
2026-02-01 11:40:12,182 - INFO - Database: D:\Final_Year_Project\ShopWhatYouSee\backend\..\data\products.db
2026-02-01 11:40:12,183 - INFO - Data directory: D:\Final_Year_Project\ShopWhatYouSee\backend\..\data
2026-02-01 11:40:14,348 - INFO - Loaded 34215 products from CSV
2026-02-01 11:40:14,360 - INFO - Limited to 5 products
2026-02-01 11:40:14,438 - INFO - Database initialized at D:\Final_Year_Project\ShopWhatYouSee\backend\..\data\products.db
2026-02-01 11:40:14,439 - INFO - YOLO not available - processing as product images directly
2026-02-01 11:40:19,289 - INFO - ==================================================
2026-02-01 11:40:19,291 - INFO - Database build complete!
2026-02-01 11:40:19,292 - INFO - Total products: 5
2026-02-01 11:40:19,294 - INFO - Successfully processed: 5
2026-02-01 11:40:19,295 - INFO - Errors: 0
2026-02-01 11:40:19,296 - INFO - Skipped (already done): 0
2026-02-01 11:40:19,299 - INFO - Total products in database: 5
2026-02-01 11:40:19,301 - INFO - 
Top 10 categories:
2026-02-01 11:40:19,303 - INFO -   Pant: 2
2026-02-01 11:40:19,304 - INFO -   Shirt: 1
2026-02-01 11:40:19,304 - INFO -   T_shirt: 1
2026-02-01 11:40:19,305 - INFO -   Watch: 1
2026-02-01 11:40:19,306 - INFO - Database saved to: D:\Final_Year_Project\ShopWhatYouSee\backend\..\data\products.db
2026-02-01 11:50:15,609 - INFO - Starting database build...
2026-02-01 11:50:15,609 - INFO - CSV: D:\Final_Year_Project\ShopWhatYouSee\backend\..\data\product_database.csv
2026-02-01 11:50:15,609 - INFO - Database: D:\Final_Year_Project\ShopWhatYouSee\backend\..\data\products.db
2026-02-01 11:50:15,609 - INFO - Data directory: D:\Final_Year_Project\ShopWhatYouSee\backend\..\data
2026-02-01 11:50:16,408 - INFO - Loaded 34215 products from CSV
2026-02-01 11:50:16,424 - INFO - Database initialized at D:\Final_Year_Project\ShopWhatYouSee\backend\..\data\products.db
2026-02-01 11:50:16,424 - INFO - YOLO not available - processing as product images directly
2026-02-01 11:50:46,336 - INFO - Progress: 100/34215 products processed
2026-02-01 11:51:17,061 - INFO - Progress: 200/34215 products processed
2026-02-01 11:51:50,352 - INFO - Progress: 300/34215 products processed
2026-02-01 11:52:19,972 - INFO - Progress: 400/34215 products processed
2026-02-01 11:52:49,968 - INFO - Progress: 500/34215 products processed
2026-02-01 11:53:20,518 - INFO - Progress: 600/34215 products processed
2026-02-01 11:53:51,502 - INFO - Progress: 700/34215 products processed
2026-02-01 11:54:22,336 - INFO - Progress: 800/34215 products processed
2026-02-01 11:54:52,836 - INFO - Progress: 900/34215 products processed
2026-02-01 11:55:22,860 - INFO - Progress: 1000/34215 products processed
2026-02-01 11:55:52,768 - INFO - Progress: 1100/34215 products processed
2026-02-01 11:56:24,686 - INFO - Progress: 1200/34215 products processed
2026-02-01 11:56:56,017 - INFO - Progress: 1300/34215 products processed
2026-02-01 11:57:26,268 - INFO - Progress: 1400/34215 products processed
2026-02-01 11:57:56,386 - INFO - Progress: 1500/34215 products processed
2026-02-01 11:58:27,263 - INFO - Progress: 1600/34215 products processed
2026-02-01 11:58:57,568 - INFO - Progress: 1700/34215 products processed
2026-02-01 11:59:28,219 - INFO - Progress: 1800/34215 products processed
2026-02-01 11:59:58,268 - INFO - Progress: 1900/34215 products processed
2026-02-01 12:00:29,086 - INFO - Progress: 2000/34215 products processed
2026-02-01 12:01:00,158 - INFO - Progress: 2100/34215 products processed
2026-02-01 12:01:32,271 - INFO - Progress: 2200/34215 products processed
2026-02-01 12:02:03,797 - INFO - Progress: 2300/34215 products processed
2026-02-01 12:02:35,929 - INFO - Progress: 2400/34215 products processed
2026-02-01 12:03:08,599 - INFO - Progress: 2500/34215 products processed
2026-02-01 12:03:35,568 - INFO - Progress: 2600/34215 products processed
2026-02-01 12:04:04,284 - INFO - Progress: 2700/34215 products processed
2026-02-01 12:04:33,536 - INFO - Progress: 2800/34215 products processed
2026-02-01 12:05:01,768 - INFO - Progress: 2900/34215 products processed
2026-02-01 12:05:29,895 - INFO - Progress: 3000/34215 products processed
2026-02-01 12:05:59,972 - INFO - Progress: 3100/34215 products processed
2026-02-01 12:06:29,285 - INFO - Progress: 3200/34215 products processed
2026-02-01 12:06:58,770 - INFO - Progress: 3300/34215 products processed
2026-02-01 12:07:27,516 - INFO - Progress: 3400/34215 products processed
2026-02-01 12:07:57,947 - INFO - Progress: 3500/34215 products processed
2026-02-01 12:08:27,505 - INFO - Progress: 3600/34215 products processed
2026-02-01 12:08:55,695 - INFO - Progress: 3700/34215 products processed
2026-02-01 12:09:24,118 - INFO - Progress: 3800/34215 products processed
2026-02-01 12:09:53,502 - INFO - Progress: 3900/34215 products processed
2026-02-01 12:10:23,048 - INFO - Progress: 4000/34215 products processed
2026-02-01 12:10:52,474 - INFO - Progress: 4100/34215 products processed
2026-02-01 12:11:21,239 - INFO - Progress: 4200/34215 products processed
2026-02-01 12:11:51,100 - INFO - Progress: 4300/34215 products processed
2026-02-01 12:12:20,509 - INFO - Progress: 4400/34215 products processed
2026-02-01 12:12:51,386 - INFO - Progress: 4500/34215 products processed
2026-02-01 12:13:18,914 - INFO - Progress: 4600/34215 products processed
2026-02-01 12:13:48,768 - INFO - Progress: 4700/34215 products processed
2026-02-01 12:14:19,001 - INFO - Progress: 4800/34215 products processed
2026-02-01 12:14:49,173 - INFO - Progress: 4900/34215 products processed
2026-02-01 12:15:22,272 - INFO - Progress: 5000/34215 products processed
2026-02-01 12:15:54,646 - INFO - Progress: 5100/34215 products processed
2026-02-01 12:16:11,222 - WARNING - Image not found: D:\Final_Year_Project\ShopWhatYouSee\backend\..\data\images\39403.jpg
2026-02-01 12:16:25,975 - INFO - Progress: 5200/34215 products processed
2026-02-01 12:16:57,070 - INFO - Progress: 5300/34215 products processed
2026-02-01 12:17:27,990 - INFO - Progress: 5400/34215 products processed
2026-02-01 12:18:00,350 - INFO - Progress: 5500/34215 products processed
2026-02-01 12:18:31,086 - INFO - Progress: 5600/34215 products processed
2026-02-01 12:19:02,644 - INFO - Progress: 5700/34215 products processed
2026-02-01 12:19:32,976 - INFO - Progress: 5800/34215 products processed
2026-02-01 12:20:04,234 - INFO - Progress: 5900/34215 products processed
2026-02-01 12:20:35,870 - INFO - Progress: 6000/34215 products processed
2026-02-01 12:21:06,719 - INFO - Progress: 6100/34215 products processed
2026-02-01 12:21:38,339 - INFO - Progress: 6200/34215 products processed
2026-02-01 12:22:08,854 - INFO - Progress: 6300/34215 products processed
2026-02-01 12:22:39,836 - INFO - Progress: 6400/34215 products processed
2026-02-01 12:23:11,100 - INFO - Progress: 6500/34215 products processed
2026-02-01 12:23:42,297 - INFO - Progress: 6600/34215 products processed
2026-02-01 12:24:13,661 - INFO - Progress: 6700/34215 products processed
2026-02-01 12:24:45,467 - INFO - Progress: 6800/34215 products processed
2026-02-01 12:25:17,287 - INFO - Progress: 6900/34215 products processed
2026-02-01 12:25:48,445 - INFO - Progress: 7000/34215 products processed
2026-02-01 12:26:20,136 - INFO - Progress: 7100/34215 products processed
2026-02-01 12:26:51,520 - INFO - Progress: 7200/34215 products processed
2026-02-01 12:27:24,661 - INFO - Progress: 7300/34215 products processed
2026-02-01 12:27:56,463 - INFO - Progress: 7400/34215 products processed
2026-02-01 12:28:29,061 - INFO - Progress: 7500/34215 products processed
2026-02-01 12:29:00,668 - INFO - Progress: 7600/34215 products processed
2026-02-01 12:29:32,318 - INFO - Progress: 7700/34215 products processed
2026-02-01 12:30:02,788 - INFO - Progress: 7800/34215 products processed
2026-02-01 12:30:34,486 - INFO - Progress: 7900/34215 products processed
2026-02-01 12:31:06,419 - INFO - Progress: 8000/34215 products processed
2026-02-01 12:31:38,068 - INFO - Progress: 8100/34215 products processed
2026-02-01 12:32:10,419 - INFO - Progress: 8200/34215 products processed
2026-02-01 12:32:59,542 - INFO - Progress: 8300/34215 products processed
2026-02-01 12:33:31,104 - INFO - Progress: 8400/34215 products processed
2026-02-01 12:34:02,717 - INFO - Progress: 8500/34215 products processed
2026-02-01 12:34:34,268 - INFO - Progress: 8600/34215 products processed
2026-02-01 12:35:05,994 - INFO - Progress: 8700/34215 products processed
2026-02-01 12:35:38,206 - INFO - Progress: 8800/34215 products processed
2026-02-01 12:36:10,387 - INFO - Progress: 8900/34215 products processed
2026-02-01 12:36:42,973 - INFO - Progress: 9000/34215 products processed
2026-02-01 12:37:14,217 - INFO - Progress: 9100/34215 products processed
2026-02-01 12:37:47,267 - INFO - Progress: 9200/34215 products processed
2026-02-01 12:38:19,252 - INFO - Progress: 9300/34215 products processed
2026-02-01 12:38:51,260 - INFO - Progress: 9400/34215 products processed
2026-02-01 12:39:20,210 - INFO - Progress: 9500/34215 products processed
2026-02-01 12:39:48,176 - INFO - Progress: 9600/34215 products processed
2026-02-01 12:40:16,786 - INFO - Progress: 9700/34215 products processed
2026-02-01 12:40:44,730 - INFO - Progress: 9800/34215 products processed
2026-02-01 12:41:13,055 - INFO - Progress: 9900/34215 products processed
2026-02-01 12:41:41,272 - INFO - Progress: 10000/34215 products processed
2026-02-01 12:42:08,946 - INFO - Progress: 10100/34215 products processed
2026-02-01 12:42:39,781 - INFO - Progress: 10200/34215 products processed
2026-02-01 12:43:08,812 - INFO - Progress: 10300/34215 products processed
2026-02-01 12:43:43,102 - INFO - Progress: 10400/34215 products processed
2026-02-01 12:44:10,137 - INFO - Progress: 10500/34215 products processed
2026-02-01 12:44:37,518 - INFO - Progress: 10600/34215 products processed
2026-02-01 12:45:04,236 - INFO - Progress: 10700/34215 products processed
2026-02-01 12:45:35,181 - INFO - Progress: 10800/34215 products processed
2026-02-01 12:46:43,941 - INFO - Progress: 10900/34215 products processed
2026-02-01 12:48:14,781 - INFO - Progress: 11000/34215 products processed
2026-02-01 12:48:55,488 - INFO - Progress: 11100/34215 products processed
2026-02-01 12:49:25,668 - INFO - Progress: 11200/34215 products processed
2026-02-01 12:49:55,107 - INFO - Progress: 11300/34215 products processed
2026-02-01 12:50:24,399 - INFO - Progress: 11400/34215 products processed
2026-02-01 12:50:56,306 - INFO - Progress: 11500/34215 products processed
2026-02-01 12:51:24,275 - INFO - Progress: 11600/34215 products processed
2026-02-01 12:51:53,202 - INFO - Progress: 11700/34215 products processed
2026-02-01 12:52:20,468 - INFO - Progress: 11800/34215 products processed
2026-02-01 12:52:48,129 - INFO - Progress: 11900/34215 products processed
2026-02-01 12:53:15,475 - INFO - Progress: 12000/34215 products processed
2026-02-01 12:53:42,069 - INFO - Progress: 12100/34215 products processed
2026-02-01 12:54:09,222 - INFO - Progress: 12200/34215 products processed
2026-02-01 12:54:38,716 - INFO - Progress: 12300/34215 products processed
2026-02-01 12:55:28,743 - INFO - Progress: 12400/34215 products processed
2026-02-01 12:55:37,221 - WARNING - Image not found: D:\Final_Year_Project\ShopWhatYouSee\backend\..\data\images\39410.jpg
2026-02-01 12:57:12,365 - INFO - Progress: 12500/34215 products processed
2026-02-01 12:58:16,483 - INFO - Progress: 12600/34215 products processed
2026-02-01 12:58:44,757 - INFO - Progress: 12700/34215 products processed
2026-02-01 12:59:11,521 - INFO - Progress: 12800/34215 products processed
2026-02-01 12:59:37,867 - INFO - Progress: 12900/34215 products processed
2026-02-01 13:00:05,657 - INFO - Progress: 13000/34215 products processed
2026-02-01 13:00:32,676 - INFO - Progress: 13100/34215 products processed
2026-02-01 13:00:59,236 - INFO - Progress: 13200/34215 products processed
2026-02-01 13:01:27,118 - INFO - Progress: 13300/34215 products processed
2026-02-01 13:01:54,152 - INFO - Progress: 13400/34215 products processed
2026-02-01 13:02:20,936 - INFO - Progress: 13500/34215 products processed
2026-02-01 13:02:48,427 - INFO - Progress: 13600/34215 products processed
2026-02-01 13:03:15,436 - INFO - Progress: 13700/34215 products processed
2026-02-01 13:03:42,510 - INFO - Progress: 13800/34215 products processed
2026-02-01 13:04:09,968 - INFO - Progress: 13900/34215 products processed
2026-02-01 13:04:36,965 - INFO - Progress: 14000/34215 products processed
2026-02-01 13:05:04,086 - INFO - Progress: 14100/34215 products processed
2026-02-01 13:05:31,336 - INFO - Progress: 14200/34215 products processed
2026-02-01 13:05:58,452 - INFO - Progress: 14300/34215 products processed
2026-02-01 13:06:26,238 - INFO - Progress: 14400/34215 products processed
2026-02-01 13:06:54,286 - INFO - Progress: 14500/34215 products processed
2026-02-01 13:07:21,442 - INFO - Progress: 14600/34215 products processed
2026-02-01 13:07:49,336 - INFO - Progress: 14700/34215 products processed
2026-02-01 13:08:16,736 - INFO - Progress: 14800/34215 products processed
2026-02-01 13:08:44,267 - INFO - Progress: 14900/34215 products processed
2026-02-01 13:09:11,218 - INFO - Progress: 15000/34215 products processed
2026-02-01 13:09:37,788 - INFO - Progress: 15100/34215 products processed
2026-02-01 13:10:04,851 - INFO - Progress: 15200/34215 products processed
2026-02-01 13:10:31,668 - INFO - Progress: 15300/34215 products processed
2026-02-01 13:10:58,466 - INFO - Progress: 15400/34215 products processed
2026-02-01 13:11:25,490 - INFO - Progress: 15500/34215 products processed
2026-02-01 13:11:52,602 - INFO - Progress: 15600/34215 products processed
2026-02-01 13:12:20,240 - INFO - Progress: 15700/34215 products processed
2026-02-01 13:12:47,650 - INFO - Progress: 15800/34215 products processed
2026-02-01 13:13:13,748 - INFO - Progress: 15900/34215 products processed
2026-02-01 13:13:40,352 - INFO - Progress: 16000/34215 products processed
2026-02-01 13:14:08,461 - INFO - Progress: 16100/34215 products processed
2026-02-01 13:14:37,465 - INFO - Progress: 16200/34215 products processed
2026-02-01 13:15:05,719 - INFO - Progress: 16300/34215 products processed
2026-02-01 13:15:37,068 - INFO - Progress: 16400/34215 products processed
2026-02-01 13:16:05,713 - INFO - Progress: 16500/34215 products processed
2026-02-01 13:16:32,452 - INFO - Progress: 16600/34215 products processed
2026-02-01 13:16:59,919 - INFO - Progress: 16700/34215 products processed
2026-02-01 13:17:32,655 - INFO - Progress: 16800/34215 products processed
2026-02-01 13:18:00,952 - INFO - Progress: 16900/34215 products processed
2026-02-01 13:18:27,918 - INFO - Progress: 17000/34215 products processed
2026-02-01 13:18:55,638 - INFO - Progress: 17100/34215 products processed
2026-02-01 13:19:22,069 - INFO - Progress: 17200/34215 products processed
2026-02-01 13:19:48,860 - INFO - Progress: 17300/34215 products processed
2026-02-01 13:20:15,821 - INFO - Progress: 17400/34215 products processed
2026-02-01 13:20:42,225 - INFO - Progress: 17500/34215 products processed
2026-02-01 13:21:08,686 - INFO - Progress: 17600/34215 products processed
2026-02-01 13:21:37,336 - INFO - Progress: 17700/34215 products processed
2026-02-01 13:22:04,464 - INFO - Progress: 17800/34215 products processed
2026-02-01 13:22:30,683 - INFO - Progress: 17900/34215 products processed
2026-02-01 13:22:58,304 - INFO - Progress: 18000/34215 products processed
2026-02-01 13:23:24,755 - INFO - Progress: 18100/34215 products processed
2026-02-01 13:23:51,137 - INFO - Progress: 18200/34215 products processed
2026-02-01 13:24:18,047 - INFO - Progress: 18300/34215 products processed
2026-02-01 13:24:44,853 - INFO - Progress: 18400/34215 products processed
2026-02-01 13:25:14,299 - INFO - Progress: 18500/34215 products processed
2026-02-01 13:25:50,418 - INFO - Progress: 18600/34215 products processed
2026-02-01 13:26:19,852 - INFO - Progress: 18700/34215 products processed
2026-02-01 13:26:47,740 - INFO - Progress: 18800/34215 products processed
2026-02-01 13:27:14,752 - INFO - Progress: 18900/34215 products processed
2026-02-01 13:27:42,398 - INFO - Progress: 19000/34215 products processed
2026-02-01 13:28:09,768 - INFO - Progress: 19100/34215 products processed
2026-02-01 13:28:36,943 - INFO - Progress: 19200/34215 products processed
2026-02-01 13:29:04,034 - INFO - Progress: 19300/34215 products processed
2026-02-01 13:29:30,869 - INFO - Progress: 19400/34215 products processed
2026-02-01 13:29:57,548 - INFO - Progress: 19500/34215 products processed
2026-02-01 13:30:24,338 - INFO - Progress: 19600/34215 products processed
2026-02-01 13:30:51,069 - INFO - Progress: 19700/34215 products processed
2026-02-01 13:31:17,869 - INFO - Progress: 19800/34215 products processed
2026-02-01 13:31:45,686 - INFO - Progress: 19900/34215 products processed
2026-02-01 13:32:12,936 - INFO - Progress: 20000/34215 products processed
2026-02-01 13:32:53,105 - INFO - Progress: 20100/34215 products processed
2026-02-01 13:33:37,347 - INFO - Progress: 20200/34215 products processed
2026-02-01 13:34:11,004 - INFO - Progress: 20300/34215 products processed
2026-02-01 13:34:45,294 - INFO - Progress: 20400/34215 products processed
2026-02-01 13:35:15,000 - INFO - Progress: 20500/34215 products processed
2026-02-01 13:35:44,206 - INFO - Progress: 20600/34215 products processed
2026-02-01 13:36:15,236 - INFO - Progress: 20700/34215 products processed
2026-02-01 13:36:44,464 - INFO - Progress: 20800/34215 products processed
2026-02-01 13:37:13,790 - INFO - Progress: 20900/34215 products processed
2026-02-01 13:37:45,604 - INFO - Progress: 21000/34215 products processed
2026-02-01 13:38:15,402 - INFO - Progress: 21100/34215 products processed
2026-02-01 13:38:57,768 - INFO - Progress: 21200/34215 products processed
2026-02-01 13:39:27,036 - INFO - Progress: 21300/34215 products processed
2026-02-01 13:39:58,878 - INFO - Progress: 21400/34215 products processed
2026-02-01 13:40:26,790 - INFO - Progress: 21500/34215 products processed
2026-02-01 13:40:54,004 - INFO - Progress: 21600/34215 products processed
2026-02-01 13:41:21,668 - INFO - Progress: 21700/34215 products processed
2026-02-01 13:41:53,636 - INFO - Progress: 21800/34215 products processed
2026-02-01 13:42:22,722 - INFO - Progress: 21900/34215 products processed
2026-02-01 13:42:53,989 - INFO - Progress: 22000/34215 products processed
2026-02-01 13:43:21,619 - INFO - Progress: 22100/34215 products processed
2026-02-01 13:43:48,719 - INFO - Progress: 22200/34215 products processed
2026-02-01 13:44:16,535 - INFO - Progress: 22300/34215 products processed
2026-02-01 13:44:43,203 - INFO - Progress: 22400/34215 products processed
2026-02-01 13:45:10,919 - INFO - Progress: 22500/34215 products processed
2026-02-01 13:45:37,797 - INFO - Progress: 22600/34215 products processed
2026-02-01 13:46:05,401 - INFO - Progress: 22700/34215 products processed
2026-02-01 13:46:32,365 - INFO - Progress: 22800/34215 products processed
2026-02-01 13:47:00,339 - INFO - Progress: 22900/34215 products processed
2026-02-01 13:47:28,056 - INFO - Progress: 23000/34215 products processed
2026-02-01 13:47:55,936 - INFO - Progress: 23100/34215 products processed
2026-02-01 13:48:23,986 - INFO - Progress: 23200/34215 products processed
2026-02-01 13:48:51,126 - INFO - Progress: 23300/34215 products processed
2026-02-01 13:49:18,068 - INFO - Progress: 23400/34215 products processed
2026-02-01 13:49:47,120 - INFO - Progress: 23500/34215 products processed
2026-02-01 13:50:16,520 - INFO - Progress: 23600/34215 products processed
2026-02-01 13:50:45,936 - INFO - Progress: 23700/34215 products processed
2026-02-01 13:51:17,737 - INFO - Progress: 23800/34215 products processed
2026-02-01 13:51:52,834 - INFO - Progress: 23900/34215 products processed
2026-02-01 13:52:24,657 - INFO - Progress: 24000/34215 products processed
2026-02-01 13:52:56,685 - INFO - Progress: 24100/34215 products processed
2026-02-01 13:53:28,394 - INFO - Progress: 24200/34215 products processed
2026-02-01 13:53:59,788 - INFO - Progress: 24300/34215 products processed
2026-02-01 13:54:31,535 - INFO - Progress: 24400/34215 products processed
2026-02-01 13:55:08,568 - INFO - Progress: 24500/34215 products processed
2026-02-01 13:55:20,791 - WARNING - Image not found: D:\Final_Year_Project\ShopWhatYouSee\backend\..\data\images\58465.jpg
2026-02-01 13:55:38,283 - INFO - Progress: 24600/34215 products processed
2026-02-01 13:56:07,136 - INFO - Progress: 24700/34215 products processed
2026-02-01 13:56:37,388 - INFO - Progress: 24800/34215 products processed
2026-02-01 13:56:58,506 - WARNING - Image not found: D:\Final_Year_Project\ShopWhatYouSee\backend\..\data\images\39401.jpg
2026-02-01 13:57:09,653 - INFO - Progress: 24900/34215 products processed
2026-02-01 13:57:47,286 - INFO - Progress: 25000/34215 products processed
2026-02-01 13:58:34,942 - INFO - Progress: 25100/34215 products processed
2026-02-01 13:59:13,972 - INFO - Progress: 25200/34215 products processed
2026-02-01 13:59:57,703 - INFO - Progress: 25300/34215 products processed
2026-02-01 14:00:41,182 - INFO - Progress: 25400/34215 products processed
2026-02-01 14:01:10,619 - ERROR - Error processing product 8004: 
2026-02-01 14:01:10,708 - ERROR - Error processing product 49323: Unable to allocate 4.45 MiB for an array with shape (1440, 1080, 3) and data type uint8
2026-02-01 14:01:10,765 - ERROR - Error processing product 38186: Unable to allocate 4.45 MiB for an array with shape (1440, 1080, 3) and data type uint8
2026-02-01 14:01:10,822 - ERROR - Error processing product 20945: 
2026-02-01 14:01:11,133 - ERROR - Error processing product 41972: 
2026-02-01 14:01:11,577 - ERROR - Error processing product 39868: [enforce fail at alloc_cpu.cpp:121] data. DefaultCPUAllocator: not enough memory: you tried to allocate 1605632 bytes.
2026-02-01 14:01:31,370 - INFO - Progress: 25500/34215 products processed
2026-02-01 14:02:08,358 - INFO - Progress: 25600/34215 products processed
2026-02-01 14:02:20,701 - WARNING - Image not found: D:\Final_Year_Project\ShopWhatYouSee\backend\..\data\images\8209.jpg
2026-02-01 14:02:50,184 - ERROR - Error processing product 4076: Unable to allocate 12.4 MiB for an array with shape (2400, 1800, 3) and data type uint8
2026-02-01 14:02:50,633 - ERROR - Error processing product 37771: 
2026-02-01 14:02:51,543 - ERROR - Error processing product 10361: 
2026-02-01 14:02:52,252 - ERROR - Error processing product 4244: Unable to allocate 12.4 MiB for an array with shape (2400, 1800, 3) and data type uint8
2026-02-01 14:02:52,600 - ERROR - Error processing product 21426: [enforce fail at alloc_cpu.cpp:121] data. DefaultCPUAllocator: not enough memory: you tried to allocate 3211264 bytes.
2026-02-01 14:02:53,000 - ERROR - Error processing product 15613: 
2026-02-01 14:06:56,629 - INFO - Starting database build...
2026-02-01 14:06:56,630 - INFO - CSV: D:\Final_Year_Project\ShopWhatYouSee\backend\..\data\product_database.csv
2026-02-01 14:06:56,631 - INFO - Database: D:\Final_Year_Project\ShopWhatYouSee\backend\..\data\products.db
2026-02-01 14:06:56,633 - INFO - Data directory: D:\Final_Year_Project\ShopWhatYouSee\backend\..\data
2026-02-01 14:06:57,554 - INFO - Loaded 34215 products from CSV
2026-02-01 14:06:57,555 - INFO - Database initialized at D:\Final_Year_Project\ShopWhatYouSee\backend\..\data\products.db
2026-02-01 14:06:57,556 - INFO - YOLO not available - processing as product images directly
2026-02-01 14:06:57,625 - INFO - Progress: 100/34215 products processed
2026-02-01 14:06:57,640 - INFO - Progress: 200/34215 products processed
2026-02-01 14:06:57,674 - INFO - Progress: 300/34215 products processed
2026-02-01 14:06:57,709 - INFO - Progress: 400/34215 products processed
2026-02-01 14:06:57,744 - INFO - Progress: 500/34215 products processed
2026-02-01 14:06:57,775 - INFO - Progress: 600/34215 products processed
2026-02-01 14:06:57,818 - INFO - Progress: 700/34215 products processed
2026-02-01 14:06:57,843 - INFO - Progress: 800/34215 products processed
2026-02-01 14:06:57,876 - INFO - Progress: 900/34215 products processed
2026-02-01 14:06:57,899 - INFO - Progress: 1000/34215 products processed
2026-02-01 14:06:57,933 - INFO - Progress: 1100/34215 products processed
2026-02-01 14:06:57,952 - INFO - Progress: 1200/34215 products processed
2026-02-01 14:06:57,976 - INFO - Progress: 1300/34215 products processed
2026-02-01 14:06:58,052 - INFO - Progress: 1400/34215 products processed
2026-02-01 14:06:58,201 - INFO - Progress: 1500/34215 products processed
2026-02-01 14:06:58,388 - INFO - Progress: 1600/34215 products processed
2026-02-01 14:06:58,427 - INFO - Progress: 1700/34215 products processed
2026-02-01 14:06:58,476 - INFO - Progress: 1800/34215 products processed
2026-02-01 14:06:58,509 - INFO - Progress: 1900/34215 products processed
2026-02-01 14:06:58,528 - INFO - Progress: 2000/34215 products processed
2026-02-01 14:06:58,550 - INFO - Progress: 2100/34215 products processed
2026-02-01 14:06:58,572 - INFO - Progress: 2200/34215 products processed
2026-02-01 14:06:58,592 - INFO - Progress: 2300/34215 products processed
2026-02-01 14:06:58,611 - INFO - Progress: 2400/34215 products processed
2026-02-01 14:06:58,633 - INFO - Progress: 2500/34215 products processed
2026-02-01 14:06:58,652 - INFO - Progress: 2600/34215 products processed
2026-02-01 14:06:58,663 - INFO - Progress: 2700/34215 products processed
2026-02-01 14:06:58,690 - INFO - Progress: 2800/34215 products processed
2026-02-01 14:06:58,719 - INFO - Progress: 2900/34215 products processed
2026-02-01 14:06:58,739 - INFO - Progress: 3000/34215 products processed
2026-02-01 14:06:58,770 - INFO - Progress: 3100/34215 products processed
2026-02-01 14:06:58,797 - INFO - Progress: 3200/34215 products processed
2026-02-01 14:06:58,834 - INFO - Progress: 3300/34215 products processed
2026-02-01 14:06:58,864 - INFO - Progress: 3400/34215 products processed
2026-02-01 14:06:58,878 - INFO - Progress: 3500/34215 products processed
2026-02-01 14:06:58,899 - INFO - Progress: 3600/34215 products processed
2026-02-01 14:06:58,917 - INFO - Progress: 3700/34215 products processed
2026-02-01 14:06:58,942 - INFO - Progress: 3800/34215 products processed
2026-02-01 14:06:58,957 - INFO - Progress: 3900/34215 products processed
2026-02-01 14:06:58,999 - INFO - Progress: 4000/34215 products processed
2026-02-01 14:06:59,016 - INFO - Progress: 4100/34215 products processed
2026-02-01 14:06:59,042 - INFO - Progress: 4200/34215 products processed
2026-02-01 14:06:59,062 - INFO - Progress: 4300/34215 products processed
2026-02-01 14:06:59,086 - INFO - Progress: 4400/34215 products processed
2026-02-01 14:06:59,105 - INFO - Progress: 4500/34215 products processed
2026-02-01 14:06:59,125 - INFO - Progress: 4600/34215 products processed
2026-02-01 14:06:59,147 - INFO - Progress: 4700/34215 products processed
2026-02-01 14:06:59,171 - INFO - Progress: 4800/34215 products processed
2026-02-01 14:06:59,193 - INFO - Progress: 4900/34215 products processed
2026-02-01 14:06:59,214 - INFO - Progress: 5000/34215 products processed
2026-02-01 14:06:59,244 - INFO - Progress: 5100/34215 products processed
2026-02-01 14:06:59,258 - WARNING - Image not found: D:\Final_Year_Project\ShopWhatYouSee\backend\..\data\images\39403.jpg
2026-02-01 14:06:59,274 - INFO - Progress: 5200/34215 products processed
2026-02-01 14:06:59,300 - INFO - Progress: 5300/34215 products processed
2026-02-01 14:06:59,323 - INFO - Progress: 5400/34215 products processed
2026-02-01 14:06:59,340 - INFO - Progress: 5500/34215 products processed
2026-02-01 14:06:59,369 - INFO - Progress: 5600/34215 products processed
2026-02-01 14:06:59,390 - INFO - Progress: 5700/34215 products processed
2026-02-01 14:06:59,410 - INFO - Progress: 5800/34215 products processed
2026-02-01 14:06:59,429 - INFO - Progress: 5900/34215 products processed
2026-02-01 14:06:59,451 - INFO - Progress: 6000/34215 products processed
2026-02-01 14:06:59,469 - INFO - Progress: 6100/34215 products processed
2026-02-01 14:06:59,507 - INFO - Progress: 6200/34215 products processed
2026-02-01 14:06:59,525 - INFO - Progress: 6300/34215 products processed
2026-02-01 14:06:59,552 - INFO - Progress: 6400/34215 products processed
2026-02-01 14:06:59,577 - INFO - Progress: 6500/34215 products processed
2026-02-01 14:06:59,606 - INFO - Progress: 6600/34215 products processed
2026-02-01 14:06:59,633 - INFO - Progress: 6700/34215 products processed
2026-02-01 14:06:59,662 - INFO - Progress: 6800/34215 products processed
2026-02-01 14:06:59,703 - INFO - Progress: 6900/34215 products processed
2026-02-01 14:06:59,731 - INFO - Progress: 7000/34215 products processed
2026-02-01 14:06:59,768 - INFO - Progress: 7100/34215 products processed
2026-02-01 14:06:59,790 - INFO - Progress: 7200/34215 products processed
2026-02-01 14:06:59,820 - INFO - Progress: 7300/34215 products processed
2026-02-01 14:06:59,848 - INFO - Progress: 7400/34215 products processed
2026-02-01 14:06:59,871 - INFO - Progress: 7500/34215 products processed
2026-02-01 14:06:59,887 - INFO - Progress: 7600/34215 products processed
2026-02-01 14:06:59,909 - INFO - Progress: 7700/34215 products processed
2026-02-01 14:06:59,930 - INFO - Progress: 7800/34215 products processed
2026-02-01 14:06:59,951 - INFO - Progress: 7900/34215 products processed
2026-02-01 14:06:59,972 - INFO - Progress: 8000/34215 products processed
2026-02-01 14:06:59,991 - INFO - Progress: 8100/34215 products processed
2026-02-01 14:07:00,040 - INFO - Progress: 8200/34215 products processed
2026-02-01 14:07:00,054 - INFO - Progress: 8300/34215 products processed
2026-02-01 14:07:00,080 - INFO - Progress: 8400/34215 products processed
2026-02-01 14:07:00,105 - INFO - Progress: 8500/34215 products processed
2026-02-01 14:07:00,128 - INFO - Progress: 8600/34215 products processed
2026-02-01 14:07:00,153 - INFO - Progress: 8700/34215 products processed
2026-02-01 14:07:00,172 - INFO - Progress: 8800/34215 products processed
2026-02-01 14:07:00,193 - INFO - Progress: 8900/34215 products processed
2026-02-01 14:07:00,215 - INFO - Progress: 9000/34215 products processed
2026-02-01 14:07:00,236 - INFO - Progress: 9100/34215 products processed
2026-02-01 14:07:00,256 - INFO - Progress: 9200/34215 products processed
2026-02-01 14:07:00,274 - INFO - Progress: 9300/34215 products processed
2026-02-01 14:07:00,289 - INFO - Progress: 9400/34215 products processed
2026-02-01 14:07:00,318 - INFO - Progress: 9500/34215 products processed
2026-02-01 14:07:00,339 - INFO - Progress: 9600/34215 products processed
2026-02-01 14:07:00,358 - INFO - Progress: 9700/34215 products processed
2026-02-01 14:07:00,381 - INFO - Progress: 9800/34215 products processed
2026-02-01 14:07:00,410 - INFO - Progress: 9900/34215 products processed
2026-02-01 14:07:00,431 - INFO - Progress: 10000/34215 products processed
2026-02-01 14:07:00,454 - INFO - Progress: 10100/34215 products processed
2026-02-01 14:07:00,471 - INFO - Progress: 10200/34215 products processed
2026-02-01 14:07:00,501 - INFO - Progress: 10300/34215 products processed
2026-02-01 14:07:00,535 - INFO - Progress: 10400/34215 products processed
2026-02-01 14:07:00,554 - INFO - Progress: 10500/34215 products processed
2026-02-01 14:07:00,569 - INFO - Progress: 10600/34215 products processed
2026-02-01 14:07:00,601 - INFO - Progress: 10700/34215 products processed
2026-02-01 14:07:00,622 - INFO - Progress: 10800/34215 products processed
2026-02-01 14:07:00,644 - INFO - Progress: 10900/34215 products processed
2026-02-01 14:07:00,674 - INFO - Progress: 11000/34215 products processed
2026-02-01 14:07:00,698 - INFO - Progress: 11100/34215 products processed
2026-02-01 14:07:00,718 - INFO - Progress: 11200/34215 products processed
2026-02-01 14:07:00,741 - INFO - Progress: 11300/34215 products processed
2026-02-01 14:07:00,762 - INFO - Progress: 11400/34215 products processed
2026-02-01 14:07:00,783 - INFO - Progress: 11500/34215 products processed
2026-02-01 14:07:00,807 - INFO - Progress: 11600/34215 products processed
2026-02-01 14:07:00,829 - INFO - Progress: 11700/34215 products processed
2026-02-01 14:07:00,859 - INFO - Progress: 11800/34215 products processed
2026-02-01 14:07:00,886 - INFO - Progress: 11900/34215 products processed
2026-02-01 14:07:00,912 - INFO - Progress: 12000/34215 products processed
2026-02-01 14:07:00,943 - INFO - Progress: 12100/34215 products processed
2026-02-01 14:07:00,976 - INFO - Progress: 12200/34215 products processed
2026-02-01 14:07:01,000 - INFO - Progress: 12300/34215 products processed
2026-02-01 14:07:01,029 - INFO - Progress: 12400/34215 products processed
2026-02-01 14:07:01,033 - WARNING - Image not found: D:\Final_Year_Project\ShopWhatYouSee\backend\..\data\images\39410.jpg
2026-02-01 14:07:01,075 - INFO - Progress: 12500/34215 products processed
2026-02-01 14:07:01,106 - INFO - Progress: 12600/34215 products processed
2026-02-01 14:07:01,133 - INFO - Progress: 12700/34215 products processed
2026-02-01 14:07:01,162 - INFO - Progress: 12800/34215 products processed
2026-02-01 14:07:01,189 - INFO - Progress: 12900/34215 products processed
2026-02-01 14:07:01,210 - INFO - Progress: 13000/34215 products processed
2026-02-01 14:07:01,230 - INFO - Progress: 13100/34215 products processed
2026-02-01 14:07:01,252 - INFO - Progress: 13200/34215 products processed
2026-02-01 14:07:01,268 - INFO - Progress: 13300/34215 products processed
2026-02-01 14:07:01,294 - INFO - Progress: 13400/34215 products processed
2026-02-01 14:07:01,315 - INFO - Progress: 13500/34215 products processed
2026-02-01 14:07:01,339 - INFO - Progress: 13600/34215 products processed
2026-02-01 14:07:01,360 - INFO - Progress: 13700/34215 products processed
2026-02-01 14:07:01,384 - INFO - Progress: 13800/34215 products processed
2026-02-01 14:07:01,408 - INFO - Progress: 13900/34215 products processed
2026-02-01 14:07:01,429 - INFO - Progress: 14000/34215 products processed
2026-02-01 14:07:01,456 - INFO - Progress: 14100/34215 products processed
2026-02-01 14:07:01,475 - INFO - Progress: 14200/34215 products processed
2026-02-01 14:07:01,496 - INFO - Progress: 14300/34215 products processed
2026-02-01 14:07:01,517 - INFO - Progress: 14400/34215 products processed
2026-02-01 14:07:01,535 - INFO - Progress: 14500/34215 products processed
2026-02-01 14:07:01,558 - INFO - Progress: 14600/34215 products processed
2026-02-01 14:07:01,589 - INFO - Progress: 14700/34215 products processed
2026-02-01 14:07:01,611 - INFO - Progress: 14800/34215 products processed
2026-02-01 14:07:01,637 - INFO - Progress: 14900/34215 products processed
2026-02-01 14:07:01,659 - INFO - Progress: 15000/34215 products processed
2026-02-01 14:07:01,680 - INFO - Progress: 15100/34215 products processed
2026-02-01 14:07:01,707 - INFO - Progress: 15200/34215 products processed
2026-02-01 14:07:01,727 - INFO - Progress: 15300/34215 products processed
2026-02-01 14:07:01,750 - INFO - Progress: 15400/34215 products processed
2026-02-01 14:07:01,770 - INFO - Progress: 15500/34215 products processed
2026-02-01 14:07:01,785 - INFO - Progress: 15600/34215 products processed
2026-02-01 14:07:01,809 - INFO - Progress: 15700/34215 products processed
2026-02-01 14:07:01,827 - INFO - Progress: 15800/34215 products processed
2026-02-01 14:07:01,858 - INFO - Progress: 15900/34215 products processed
2026-02-01 14:07:01,881 - INFO - Progress: 16000/34215 products processed
2026-02-01 14:07:01,903 - INFO - Progress: 16100/34215 products processed
2026-02-01 14:07:01,923 - INFO - Progress: 16200/34215 products processed
2026-02-01 14:07:01,944 - INFO - Progress: 16300/34215 products processed
2026-02-01 14:07:01,966 - INFO - Progress: 16400/34215 products processed
2026-02-01 14:07:01,989 - INFO - Progress: 16500/34215 products processed
2026-02-01 14:07:02,011 - INFO - Progress: 16600/34215 products processed
2026-02-01 14:07:02,033 - INFO - Progress: 16700/34215 products processed
2026-02-01 14:07:02,056 - INFO - Progress: 16800/34215 products processed
2026-02-01 14:07:02,074 - INFO - Progress: 16900/34215 products processed
2026-02-01 14:07:02,106 - INFO - Progress: 17000/34215 products processed
2026-02-01 14:07:02,124 - INFO - Progress: 17100/34215 products processed
2026-02-01 14:07:02,143 - INFO - Progress: 17200/34215 products processed
2026-02-01 14:07:02,161 - INFO - Progress: 17300/34215 products processed
2026-02-01 14:07:02,185 - INFO - Progress: 17400/34215 products processed
2026-02-01 14:07:02,216 - INFO - Progress: 17500/34215 products processed
2026-02-01 14:07:02,239 - INFO - Progress: 17600/34215 products processed
2026-02-01 14:07:02,280 - INFO - Progress: 17700/34215 products processed
2026-02-01 14:07:02,359 - INFO - Progress: 17800/34215 products processed
2026-02-01 14:07:02,432 - INFO - Progress: 17900/34215 products processed
2026-02-01 14:07:02,492 - INFO - Progress: 18000/34215 products processed
2026-02-01 14:07:02,551 - INFO - Progress: 18100/34215 products processed
2026-02-01 14:07:02,594 - INFO - Progress: 18200/34215 products processed
2026-02-01 14:07:02,678 - INFO - Progress: 18300/34215 products processed
2026-02-01 14:07:02,707 - INFO - Progress: 18400/34215 products processed
2026-02-01 14:07:02,740 - INFO - Progress: 18500/34215 products processed
2026-02-01 14:07:02,770 - INFO - Progress: 18600/34215 products processed
2026-02-01 14:07:02,790 - INFO - Progress: 18700/34215 products processed
2026-02-01 14:07:02,812 - INFO - Progress: 18800/34215 products processed
2026-02-01 14:07:02,836 - INFO - Progress: 18900/34215 products processed
2026-02-01 14:07:02,856 - INFO - Progress: 19000/34215 products processed
2026-02-01 14:07:02,876 - INFO - Progress: 19100/34215 products processed
2026-02-01 14:07:02,899 - INFO - Progress: 19200/34215 products processed
2026-02-01 14:07:02,920 - INFO - Progress: 19300/34215 products processed
2026-02-01 14:07:02,942 - INFO - Progress: 19400/34215 products processed
2026-02-01 14:07:02,967 - INFO - Progress: 19500/34215 products processed
2026-02-01 14:07:02,990 - INFO - Progress: 19600/34215 products processed
2026-02-01 14:07:03,007 - INFO - Progress: 19700/34215 products processed
2026-02-01 14:07:03,036 - INFO - Progress: 19800/34215 products processed
2026-02-01 14:07:03,057 - INFO - Progress: 19900/34215 products processed
2026-02-01 14:07:03,076 - INFO - Progress: 20000/34215 products processed
2026-02-01 14:07:03,092 - INFO - Progress: 20100/34215 products processed
2026-02-01 14:07:03,114 - INFO - Progress: 20200/34215 products processed
2026-02-01 14:07:03,141 - INFO - Progress: 20300/34215 products processed
2026-02-01 14:07:03,168 - INFO - Progress: 20400/34215 products processed
2026-02-01 14:07:03,193 - INFO - Progress: 20500/34215 products processed
2026-02-01 14:07:03,218 - INFO - Progress: 20600/34215 products processed
2026-02-01 14:07:03,241 - INFO - Progress: 20700/34215 products processed
2026-02-01 14:07:03,274 - INFO - Progress: 20800/34215 products processed
2026-02-01 14:07:03,290 - INFO - Progress: 20900/34215 products processed
2026-02-01 14:07:03,318 - INFO - Progress: 21000/34215 products processed
2026-02-01 14:07:03,337 - INFO - Progress: 21100/34215 products processed
2026-02-01 14:07:03,364 - INFO - Progress: 21200/34215 products processed
2026-02-01 14:07:03,390 - INFO - Progress: 21300/34215 products processed
2026-02-01 14:07:03,408 - INFO - Progress: 21400/34215 products processed
2026-02-01 14:07:03,433 - INFO - Progress: 21500/34215 products processed
2026-02-01 14:07:03,455 - INFO - Progress: 21600/34215 products processed
2026-02-01 14:07:03,478 - INFO - Progress: 21700/34215 products processed
2026-02-01 14:07:03,498 - INFO - Progress: 21800/34215 products processed
2026-02-01 14:07:03,521 - INFO - Progress: 21900/34215 products processed
2026-02-01 14:07:03,540 - INFO - Progress: 22000/34215 products processed
2026-02-01 14:07:03,559 - INFO - Progress: 22100/34215 products processed
2026-02-01 14:07:03,585 - INFO - Progress: 22200/34215 products processed
2026-02-01 14:07:03,608 - INFO - Progress: 22300/34215 products processed
2026-02-01 14:07:03,632 - INFO - Progress: 22400/34215 products processed
2026-02-01 14:07:03,668 - INFO - Progress: 22500/34215 products processed
2026-02-01 14:07:03,700 - INFO - Progress: 22600/34215 products processed
2026-02-01 14:07:03,729 - INFO - Progress: 22700/34215 products processed
2026-02-01 14:07:03,759 - INFO - Progress: 22800/34215 products processed
2026-02-01 14:07:03,794 - INFO - Progress: 22900/34215 products processed
2026-02-01 14:07:03,843 - INFO - Progress: 23000/34215 products processed
2026-02-01 14:07:03,881 - INFO - Progress: 23100/34215 products processed
2026-02-01 14:07:03,935 - INFO - Progress: 23200/34215 products processed
2026-02-01 14:07:03,967 - INFO - Progress: 23300/34215 products processed
2026-02-01 14:07:03,999 - INFO - Progress: 23400/34215 products processed
2026-02-01 14:07:04,021 - INFO - Progress: 23500/34215 products processed
2026-02-01 14:07:04,041 - INFO - Progress: 23600/34215 products processed
2026-02-01 14:07:04,068 - INFO - Progress: 23700/34215 products processed
2026-02-01 14:07:04,084 - INFO - Progress: 23800/34215 products processed
2026-02-01 14:07:04,103 - INFO - Progress: 23900/34215 products processed
2026-02-01 14:07:04,121 - INFO - Progress: 24000/34215 products processed
2026-02-01 14:07:04,138 - INFO - Progress: 24100/34215 products processed
2026-02-01 14:07:04,159 - INFO - Progress: 24200/34215 products processed
2026-02-01 14:07:04,284 - INFO - Progress: 24300/34215 products processed
2026-02-01 14:07:04,351 - INFO - Progress: 24400/34215 products processed
2026-02-01 14:07:04,391 - INFO - Progress: 24500/34215 products processed
2026-02-01 14:07:04,402 - WARNING - Image not found: D:\Final_Year_Project\ShopWhatYouSee\backend\..\data\images\58465.jpg
2026-02-01 14:07:04,416 - INFO - Progress: 24600/34215 products processed
2026-02-01 14:07:04,469 - INFO - Progress: 24700/34215 products processed
2026-02-01 14:07:04,490 - INFO - Progress: 24800/34215 products processed
2026-02-01 14:07:04,505 - WARNING - Image not found: D:\Final_Year_Project\ShopWhatYouSee\backend\..\data\images\39401.jpg
2026-02-01 14:07:04,510 - INFO - Progress: 24900/34215 products processed
2026-02-01 14:07:04,528 - INFO - Progress: 25000/34215 products processed
2026-02-01 14:07:04,544 - INFO - Progress: 25100/34215 products processed
2026-02-01 14:07:04,560 - INFO - Progress: 25200/34215 products processed
2026-02-01 14:07:04,575 - INFO - Progress: 25300/34215 products processed
2026-02-01 14:07:04,591 - INFO - Progress: 25400/34215 products processed
2026-02-01 14:07:07,022 - INFO - Progress: 25500/34215 products processed
2026-02-01 14:07:07,048 - INFO - Progress: 25600/34215 products processed
2026-02-01 14:07:19,261 - WARNING - Image not found: D:\Final_Year_Project\ShopWhatYouSee\backend\..\data\images\8209.jpg
2026-02-01 14:07:41,690 - INFO - Progress: 25700/34215 products processed
2026-02-01 14:08:28,114 - INFO - Progress: 25800/34215 products processed
2026-02-01 14:09:03,189 - INFO - Progress: 25900/34215 products processed
2026-02-01 14:09:32,090 - INFO - Progress: 26000/34215 products processed
2026-02-01 14:10:09,124 - INFO - Progress: 26100/34215 products processed
2026-02-01 14:10:45,550 - INFO - Progress: 26200/34215 products processed
2026-02-01 14:11:16,648 - INFO - Progress: 26300/34215 products processed
2026-02-01 14:11:46,854 - INFO - Progress: 26400/34215 products processed
2026-02-01 14:12:16,429 - INFO - Progress: 26500/34215 products processed
2026-02-01 14:12:47,780 - INFO - Progress: 26600/34215 products processed
2026-02-01 14:13:16,590 - INFO - Progress: 26700/34215 products processed
2026-02-01 14:13:46,379 - INFO - Progress: 26800/34215 products processed
2026-02-01 14:14:16,989 - INFO - Progress: 26900/34215 products processed
2026-02-01 14:14:53,090 - INFO - Progress: 27000/34215 products processed
2026-02-01 14:15:30,632 - INFO - Progress: 27100/34215 products processed
2026-02-01 14:16:04,969 - INFO - Progress: 27200/34215 products processed
2026-02-01 14:16:38,156 - INFO - Progress: 27300/34215 products processed
2026-02-01 14:17:14,364 - INFO - Progress: 27400/34215 products processed
2026-02-01 14:17:43,998 - INFO - Progress: 27500/34215 products processed
2026-02-01 14:18:11,589 - INFO - Progress: 27600/34215 products processed
2026-02-01 14:18:39,678 - INFO - Progress: 27700/34215 products processed
2026-02-01 14:19:07,997 - INFO - Progress: 27800/34215 products processed
2026-02-01 14:19:36,462 - INFO - Progress: 27900/34215 products processed
2026-02-01 14:20:05,839 - INFO - Progress: 28000/34215 products processed
2026-02-01 14:20:08,329 - WARNING - Image not found: D:\Final_Year_Project\ShopWhatYouSee\backend\..\data\images\39425.jpg
2026-02-01 14:20:34,838 - INFO - Progress: 28100/34215 products processed
2026-02-01 14:21:10,896 - INFO - Progress: 28200/34215 products processed
2026-02-01 14:21:39,687 - INFO - Progress: 28300/34215 products processed
2026-02-01 14:22:10,971 - INFO - Progress: 28400/34215 products processed
2026-02-01 14:22:40,013 - INFO - Progress: 28500/34215 products processed
2026-02-01 14:23:08,706 - INFO - Progress: 28600/34215 products processed
2026-02-01 14:23:39,325 - INFO - Progress: 28700/34215 products processed
2026-02-01 14:24:11,009 - INFO - Progress: 28800/34215 products processed
2026-02-01 14:24:45,663 - INFO - Progress: 28900/34215 products processed
2026-02-01 14:25:27,358 - INFO - Progress: 29000/34215 products processed
2026-02-01 14:26:07,063 - INFO - Progress: 29100/34215 products processed
2026-02-01 14:26:40,394 - INFO - Progress: 29200/34215 products processed
2026-02-01 14:27:16,276 - INFO - Progress: 29300/34215 products processed
2026-02-01 14:27:50,219 - INFO - Progress: 29400/34215 products processed
2026-02-01 14:28:21,778 - INFO - Progress: 29500/34215 products processed
2026-02-01 14:28:53,615 - INFO - Progress: 29600/34215 products processed
2026-02-01 14:29:25,719 - INFO - Progress: 29700/34215 products processed
2026-02-01 14:30:03,406 - INFO - Progress: 29800/34215 products processed
2026-02-01 14:30:47,939 - INFO - Progress: 29900/34215 products processed
2026-02-01 14:31:19,619 - INFO - Progress: 30000/34215 products processed
2026-02-01 14:32:00,277 - INFO - Progress: 30100/34215 products processed
2026-02-01 14:32:44,937 - INFO - Progress: 30200/34215 products processed
2026-02-01 14:33:15,129 - INFO - Progress: 30300/34215 products processed
2026-02-01 14:33:45,012 - INFO - Progress: 30400/34215 products processed
2026-02-01 14:34:14,362 - INFO - Progress: 30500/34215 products processed
2026-02-01 14:34:43,962 - INFO - Progress: 30600/34215 products processed
2026-02-01 14:35:13,482 - INFO - Progress: 30700/34215 products processed
2026-02-01 14:35:41,979 - INFO - Progress: 30800/34215 products processed
2026-02-01 14:36:11,012 - INFO - Progress: 30900/34215 products processed
2026-02-01 14:36:39,390 - INFO - Progress: 31000/34215 products processed
2026-02-01 14:37:12,309 - INFO - Progress: 31100/34215 products processed
2026-02-01 14:37:48,344 - INFO - Progress: 31200/34215 products processed
2026-02-01 14:38:28,809 - INFO - Progress: 31300/34215 products processed
2026-02-01 14:38:57,863 - INFO - Progress: 31400/34215 products processed
2026-02-01 14:39:29,290 - INFO - Progress: 31500/34215 products processed
2026-02-01 14:39:59,012 - INFO - Progress: 31600/34215 products processed
2026-02-01 14:40:27,615 - INFO - Progress: 31700/34215 products processed
2026-02-01 14:40:55,789 - INFO - Progress: 31800/34215 products processed
2026-02-01 14:41:23,939 - INFO - Progress: 31900/34215 products processed
2026-02-01 14:41:51,362 - INFO - Progress: 32000/34215 products processed
2026-02-01 14:42:19,240 - INFO - Progress: 32100/34215 products processed
2026-02-01 14:42:47,962 - INFO - Progress: 32200/34215 products processed
2026-02-01 14:43:15,709 - INFO - Progress: 32300/34215 products processed
2026-02-01 14:43:44,507 - INFO - Progress: 32400/34215 products processed
2026-02-01 14:44:13,212 - INFO - Progress: 32500/34215 products processed
2026-02-01 14:44:41,006 - INFO - Progress: 32600/34215 products processed
2026-02-01 14:45:08,990 - INFO - Progress: 32700/34215 products processed
2026-02-01 14:45:36,812 - INFO - Progress: 32800/34215 products processed
2026-02-01 14:46:04,889 - INFO - Progress: 32900/34215 products processed
2026-02-01 14:46:32,739 - INFO - Progress: 33000/34215 products processed
2026-02-01 14:47:01,114 - INFO - Progress: 33100/34215 products processed
2026-02-01 14:47:38,898 - INFO - Progress: 33200/34215 products processed
2026-02-01 14:48:14,546 - INFO - Progress: 33300/34215 products processed
2026-02-01 14:48:45,423 - INFO - Progress: 33400/34215 products processed
2026-02-01 14:49:14,240 - INFO - Progress: 33500/34215 products processed
2026-02-01 14:49:43,540 - INFO - Progress: 33600/34215 products processed
2026-02-01 14:50:12,212 - INFO - Progress: 33700/34215 products processed
2026-02-01 14:50:40,379 - INFO - Progress: 33800/34215 products processed
2026-02-01 14:51:09,989 - INFO - Progress: 33900/34215 products processed
2026-02-01 14:51:47,349 - INFO - Progress: 34000/34215 products processed
2026-02-01 14:52:21,218 - INFO - Progress: 34100/34215 products processed
2026-02-01 14:52:51,464 - INFO - Progress: 34200/34215 products processed
2026-02-01 14:52:56,121 - INFO - ==================================================
2026-02-01 14:52:56,121 - INFO - Database build complete!
2026-02-01 14:52:56,131 - INFO - Total products: 34215
2026-02-01 14:52:56,131 - INFO - Successfully processed: 34209
2026-02-01 14:52:56,131 - INFO - Errors: 6
2026-02-01 14:52:56,132 - INFO - Skipped (already done): 0
2026-02-01 14:53:07,572 - INFO - Total products in database: 34209
2026-02-01 14:53:07,599 - INFO - 
Top 10 categories:
2026-02-01 14:53:07,599 - INFO -   T_shirt: 8827
2026-02-01 14:53:07,599 - INFO -   Footwear_shoes: 5530
2026-02-01 14:53:07,599 - INFO -   Shirt: 3215
2026-02-01 14:53:07,599 - INFO -   Watch: 2542
2026-02-01 14:53:07,599 - INFO -   Footwear_sandals: 2311
2026-02-01 14:53:07,599 - INFO -   Purse: 2049
2026-02-01 14:53:07,599 - INFO -   Pant: 1678
2026-02-01 14:53:07,599 - INFO -   Footwear_heels: 1323
2026-02-01 14:53:07,599 - INFO -   Glasses: 1073
2026-02-01 14:53:07,599 - INFO -   Bag: 966
2026-02-01 14:53:07,606 - INFO - Database saved to: D:\Final_Year_Project\ShopWhatYouSee\backend\..\data\products.db
